<?xml version="1.0" encoding="utf-8"?><testsuites name="pytest tests"><testsuite name="pytest" errors="0" failures="0" skipped="9" tests="244" time="18.044" timestamp="2026-03-29T23:12:17.229589+05:30" hostname="ravikumar"><testcase classname="tests.test_adapter_scanner.TestCatalogScanner" name="test_discover_real_adapters" time="0.672" /><testcase classname="tests.test_adapter_scanner.TestCatalogScanner" name="test_tools_have_tool_component" time="0.055" /><testcase classname="tests.test_adapter_scanner.TestCatalogScanner" name="test_skills_have_skill_component" time="0.049" /><testcase classname="tests.test_adapter_scanner.TestCatalogScanner" name="test_connectors_have_connector_component" time="0.056" /><testcase classname="tests.test_adapter_scanner.TestCatalogScanner" name="test_private_dirs_skipped" time="0.050" /><testcase classname="tests.test_adapter_scanner.TestCatalogScanner" name="test_get_by_name" time="0.078" /><testcase classname="tests.test_adapter_scanner.TestCatalogScanner" name="test_get_nonexistent_returns_none" time="0.061" /><testcase classname="tests.test_adapter_scanner.TestCatalogScanner" name="test_empty_dir_not_discovered" time="0.021" /><testcase classname="tests.test_adapter_scanner.TestCatalogScanner" name="test_all_returns_same_as_discover" time="0.063" /><testcase classname="tests.test_agent_service" name="test_rebuild_messages_empty_rows_yields_only_system" time="0.008" /><testcase classname="tests.test_agent_service" name="test_rebuild_messages_user_and_assistant" time="0.004" /><testcase classname="tests.test_agent_service" name="test_rebuild_messages_user_assistant_tool_result_four_messages" time="0.004" /><testcase classname="tests.test_agent_service" name="test_rebuild_messages_skips_duplicate_system_row" time="0.004" /><testcase classname="tests.test_agent_service" name="test_rebuild_messages_standalone_tool_call_row_skipped" time="0.004" /><testcase classname="tests.test_agent_service" name="test_rebuild_messages_mcp_app_context_becomes_user_message" time="0.004" /><testcase classname="tests.test_agent_service" name="test_rebuild_messages_tool_result_is_error_flag" time="0.004" /><testcase classname="tests.test_agent_service" name="test_rebuild_messages_assistant_none_content" time="0.004" /><testcase classname="tests.test_agent_service" name="test_load_agent_hot_path_calls_restore_without_limit" time="0.007" /><testcase classname="tests.test_agent_service" name="test_load_agent_cold_path_seeds_redis_with_all_messages" time="0.008" /><testcase classname="tests.test_agent_service" name="test_load_agent_no_redis_uses_unbounded_memory" time="0.005" /><testcase classname="tests.test_agent_service" name="test_single_flight_locked_lock_reports_as_locked" time="0.004" /><testcase classname="tests.test_agent_service" name="test_single_flight_second_acquire_blocks" time="0.061" /><testcase classname="tests.test_agent_service" name="test_single_flight_released_lock_is_acquirable" time="0.004" /><testcase classname="tests.test_capability_catalog" name="test_register_tool_basic" time="0.001" /><testcase classname="tests.test_capability_catalog" name="test_register_tool_inherits_metadata" time="0.001" /><testcase classname="tests.test_capability_catalog" name="test_register_tool_override_metadata" time="0.002" /><testcase classname="tests.test_capability_catalog" name="test_register_skill" time="0.001" /><testcase classname="tests.test_capability_catalog" name="test_unregister" time="0.001" /><testcase classname="tests.test_capability_catalog" name="test_alias_resolution" time="0.001" /><testcase classname="tests.test_capability_catalog" name="test_alias_not_found" time="0.001" /><testcase classname="tests.test_capability_catalog" name="test_search_by_name" time="0.001" /><testcase classname="tests.test_capability_catalog" name="test_search_by_tags" time="0.001" /><testcase classname="tests.test_capability_catalog" name="test_search_by_alias" time="0.001" /><testcase classname="tests.test_capability_catalog" name="test_search_kind_filter" time="0.001" /><testcase classname="tests.test_capability_catalog" name="test_search_excludes" time="0.001" /><testcase classname="tests.test_capability_catalog" name="test_search_empty_query" time="0.001" /><testcase classname="tests.test_capability_catalog" name="test_wrong_parent_still_found" time="0.001" /><testcase classname="tests.test_capability_catalog" name="test_browse_category" time="0.001" /><testcase classname="tests.test_capability_catalog" name="test_list_top_categories" time="0.002" /><testcase classname="tests.test_capability_catalog" name="test_list_subcategories" time="0.002" /><testcase classname="tests.test_capability_catalog" name="test_get_category" time="0.002" /><testcase classname="tests.test_capability_catalog" name="test_all_tools" time="0.002" /><testcase classname="tests.test_capability_catalog" name="test_by_risk" time="0.002" /><testcase classname="tests.test_capability_catalog" name="test_insertion_order" time="0.003" /><testcase classname="tests.test_capability_catalog" name="test_len" time="0.002" /><testcase classname="tests.test_capability_catalog" name="test_contains" time="0.002" /><testcase classname="tests.test_capability_catalog" name="test_lifecycle" time="0.005" /><testcase classname="tests.test_capability_search_tool" name="test_search_returns_results" time="0.006" /><testcase classname="tests.test_capability_search_tool" name="test_search_finds_skills" time="0.005" /><testcase classname="tests.test_capability_search_tool" name="test_search_kind_filter" time="0.005" /><testcase classname="tests.test_capability_search_tool" name="test_search_empty_query_is_error" time="0.004" /><testcase classname="tests.test_capability_search_tool" name="test_search_no_results" time="0.004" /><testcase classname="tests.test_capability_search_tool" name="test_search_excludes_self" time="0.004" /><testcase classname="tests.test_capability_search_tool" name="test_search_shows_parameters" time="0.005" /><testcase classname="tests.test_capability_search_tool" name="test_browse_category" time="0.004" /><testcase classname="tests.test_capability_search_tool" name="test_browse_subcategory" time="0.004" /><testcase classname="tests.test_capability_search_tool" name="test_browse_empty_path_is_error" time="0.004" /><testcase classname="tests.test_capability_search_tool" name="test_browse_nonexistent_category_is_error" time="0.004" /><testcase classname="tests.test_capability_search_tool" name="test_list_categories" time="0.004" /><testcase classname="tests.test_capability_search_tool" name="test_unknown_action_is_error" time="0.005" /><testcase classname="tests.test_capability_search_tool" name="test_constructor_rejects_non_catalog" time="0.002" /><testcase classname="tests.test_chain_runtime.TestAdapterProxy" name="test_proxy_call" time="0.009" /><testcase classname="tests.test_chain_runtime.TestAdapterProxy" name="test_proxy_echo" time="0.006" /><testcase classname="tests.test_chain_runtime.TestAdapterNamespace" name="test_register_and_access" time="0.001" /><testcase classname="tests.test_chain_runtime.TestAdapterNamespace" name="test_missing_raises_attribute_error" time="0.002" /><testcase classname="tests.test_chain_runtime.TestAdapterNamespace" name="test_list_adapters" time="0.001" /><testcase classname="tests.test_chain_runtime.TestChainRuntime" name="test_simple_script" time="0.007" /><testcase classname="tests.test_chain_runtime.TestChainRuntime" name="test_chained_calls" time="0.009" /><testcase classname="tests.test_chain_runtime.TestChainRuntime" name="test_print_captured" time="0.004" /><testcase classname="tests.test_chain_runtime.TestChainRuntime" name="test_timeout" time="1.010" /><testcase classname="tests.test_chain_runtime.TestChainRuntime" name="test_error_captured" time="0.011" /><testcase classname="tests.test_chain_runtime.TestChainRuntime" name="test_missing_adapter_error" time="0.006" /><testcase classname="tests.test_data_ref.TestDataRef" name="test_create_default" time="0.001" /><testcase classname="tests.test_data_ref.TestDataRef" name="test_summary" time="0.001" /><testcase classname="tests.test_data_ref.TestDataRef" name="test_to_dict_roundtrip" time="0.001" /><testcase classname="tests.test_data_ref.TestDataRef" name="test_pinned_serialisation" time="0.001" /><testcase classname="tests.test_data_ref.TestDataRefStore" name="test_store_and_resolve_string" time="0.001"><skipped type="pytest.skip" message="Redis not available">C:\Users\chavv\github\raavan\tests\test_data_ref.py:68: Redis not available</skipped></testcase><testcase classname="tests.test_data_ref.TestDataRefStore" name="test_store_and_resolve_bytes" time="0.001"><skipped type="pytest.skip" message="Redis not available">C:\Users\chavv\github\raavan\tests\test_data_ref.py:76: Redis not available</skipped></testcase><testcase classname="tests.test_data_ref.TestDataRefStore" name="test_store_dict_as_json" time="0.001"><skipped type="pytest.skip" message="Redis not available">C:\Users\chavv\github\raavan\tests\test_data_ref.py:84: Redis not available</skipped></testcase><testcase classname="tests.test_data_ref.TestDataRefStore" name="test_resolve_str_helper" time="0.001"><skipped type="pytest.skip" message="Redis not available">C:\Users\chavv\github\raavan\tests\test_data_ref.py:95: Redis not available</skipped></testcase><testcase classname="tests.test_data_ref.TestDataRefStore" name="test_delete" time="0.001"><skipped type="pytest.skip" message="Redis not available">C:\Users\chavv\github\raavan\tests\test_data_ref.py:100: Redis not available</skipped></testcase><testcase classname="tests.test_data_ref.TestDataRefStore" name="test_pin_and_unpin" time="0.001"><skipped type="pytest.skip" message="Redis not available">C:\Users\chavv\github\raavan\tests\test_data_ref.py:107: Redis not available</skipped></testcase><testcase classname="tests.test_event_bus" name="test_emit_and_consume_in_order" time="0.005" /><testcase classname="tests.test_event_bus" name="test_close_is_idempotent" time="0.004" /><testcase classname="tests.test_event_bus" name="test_emit_after_close_is_noop" time="0.005" /><testcase classname="tests.test_event_bus" name="test_emit_dict_produces_raw_dict_event" time="0.004" /><testcase classname="tests.test_event_bus" name="test_poll_returns_bus_closed_sentinel" time="0.004" /><testcase classname="tests.test_event_bus" name="test_poll_raises_timeout_when_empty" time="0.064" /><testcase classname="tests.test_event_bus" name="test_poll_returns_event" time="0.005" /><testcase classname="tests.test_event_bus" name="test_poll_sequence_terminates_at_bus_closed" time="0.004" /><testcase classname="tests.test_event_bus" name="test_bus_closed_is_internal_sentinel" time="0.001" /><testcase classname="tests.test_event_bus" name="test_bridge_done_is_internal_sentinel" time="0.001" /><testcase classname="tests.test_event_bus" name="test_bus_closed_and_bridge_done_are_distinct" time="0.001" /><testcase classname="tests.test_event_bus" name="test_to_sse_line_format" time="0.001" /><testcase classname="tests.test_event_bus" name="test_text_delta_to_dict" time="0.001" /><testcase classname="tests.test_event_bus" name="test_reasoning_delta_to_dict" time="0.001" /><testcase classname="tests.test_event_bus" name="test_completion_to_dict" time="0.002" /><testcase classname="tests.test_event_bus" name="test_error_to_dict_with_code" time="0.001" /><testcase classname="tests.test_event_bus" name="test_error_to_dict_no_code" time="0.001" /><testcase classname="tests.test_event_bus" name="test_raw_dict_event_to_dict_passthrough" time="0.001" /><testcase classname="tests.test_event_bus" name="test_cancel_all_pending_resolves_futures_with_session_disconnected" time="0.005" /><testcase classname="tests.test_event_bus" name="test_cancel_all_pending_clears_all_state" time="0.005" /><testcase classname="tests.test_event_bus" name="test_cancel_all_pending_noop_when_empty" time="0.006" /><testcase classname="tests.test_event_bus" name="test_cancel_all_pending_skips_already_resolved_futures" time="0.004" /><testcase classname="tests.test_event_bus" name="test_cancel_all_pending_custom_reason" time="0.005" /><testcase classname="tests.test_gateway_chat.TestHealthEndpoints" name="test_health" time="0.022" /><testcase classname="tests.test_gateway_chat.TestHealthEndpoints" name="test_readiness" time="0.007" /><testcase classname="tests.test_gateway_chat.TestChatEndpoint" name="test_chat_requires_thread_id" time="0.009" /><testcase classname="tests.test_gateway_chat.TestChatEndpoint" name="test_chat_rejects_invalid_uuid" time="0.009" /><testcase classname="tests.test_gateway_chat.TestChatEndpoint" name="test_chat_rejects_empty_messages" time="0.007" /><testcase classname="tests.test_gateway_chat.TestCORSHeaders" name="test_cors_allows_localhost" time="0.007" /><testcase classname="tests.test_guardrails" name="test_content_filter" time="0.006" /><testcase classname="tests.test_guardrails" name="test_pii_detection" time="0.005" /><testcase classname="tests.test_guardrails" name="test_prompt_injection" time="0.015" /><testcase classname="tests.test_guardrails" name="test_max_token" time="0.612" /><testcase classname="tests.test_guardrails" name="test_tool_call_validation" time="0.004" /><testcase classname="tests.test_guardrails" name="test_runner_parallel_execution" time="0.004" /><testcase classname="tests.test_guardrails" name="test_runner_tripwire" time="0.005" /><testcase classname="tests.test_guardrails" name="test_custom_guardrail" time="0.005" /><testcase classname="tests.test_mcp_native" name="test_mcp_native_tool" time="0.005" /><testcase classname="tests.test_memory.TestMessageTypes" name="test_system_message_is_string" time="0.001" /><testcase classname="tests.test_memory.TestMessageTypes" name="test_user_message_is_list" time="0.002" /><testcase classname="tests.test_memory.TestMessageTypes" name="test_assistant_message_is_list" time="0.002" /><testcase classname="tests.test_memory.TestMessageTypes" name="test_assistant_message_none_content" time="0.002" /><testcase classname="tests.test_memory.TestRedisMemory" name="test_memory_lifecycle" time="0.012" /><testcase classname="tests.test_memory_system" name="test_serializer_single_roundtrip[SystemMessage]" time="0.001" /><testcase classname="tests.test_memory_system" name="test_serializer_single_roundtrip[UserMessage]" time="0.001" /><testcase classname="tests.test_memory_system" name="test_serializer_single_roundtrip[AssistantMessage]" time="0.001" /><testcase classname="tests.test_memory_system" name="test_serializer_single_roundtrip[ToolCallMessage]" time="0.001" /><testcase classname="tests.test_memory_system" name="test_serializer_single_roundtrip[ToolExecutionResultMessage]" time="0.001" /><testcase classname="tests.test_memory_system" name="test_serializer_bulk_roundtrip" time="0.002" /><testcase classname="tests.test_memory_system" name="test_serializer_rejects_unknown_type" time="0.001" /><testcase classname="tests.test_memory_system" name="test_serializer_rejects_missing_type" time="0.001" /><testcase classname="tests.test_memory_system" name="test_redis_memory" time="0.001"><skipped type="pytest.skip" message="Redis not available">C:\Users\chavv\github\raavan\tests\test_memory_system.py:121: Redis not available</skipped></testcase><testcase classname="tests.test_memory_system" name="test_postgres_memory" time="0.001"><skipped type="pytest.skip" message="Postgres not available">C:\Users\chavv\github\raavan\tests\test_memory_system.py:208: Postgres not available</skipped></testcase><testcase classname="tests.test_memory_system" name="test_session_manager" time="0.001"><skipped type="pytest.skip" message="Postgres not available">C:\Users\chavv\github\raavan\tests\test_memory_system.py:296: Postgres not available</skipped></testcase><testcase classname="tests.test_pipeline_engine.TestPipelineDef" name="test_to_dict_roundtrip" time="0.001" /><testcase classname="tests.test_pipeline_engine.TestPipelineEngine" name="test_single_step" time="0.006" /><testcase classname="tests.test_pipeline_engine.TestPipelineEngine" name="test_multi_step_with_prev_ref" time="0.016" /><testcase classname="tests.test_pipeline_engine.TestPipelineEngine" name="test_missing_adapter_fails" time="0.004" /><testcase classname="tests.test_pipeline_engine.TestPipelineEngine" name="test_error_step_stops_pipeline" time="0.005" /><testcase classname="tests.test_pipeline_engine.TestPipelineEngine" name="test_duration_tracked" time="0.005" /><testcase classname="tests.test_pipeline_engine.TestPipelineValidation" name="test_valid_pipeline" time="0.002" /><testcase classname="tests.test_pipeline_engine.TestPipelineValidation" name="test_missing_adapter_name" time="0.002" /><testcase classname="tests.test_pipeline_engine.TestPipelineValidation" name="test_unknown_adapter" time="0.002" /><testcase classname="tests.test_pipeline_engine.TestPipelineValidation" name="test_empty_pipeline_valid" time="0.002" /><testcase classname="tests.test_pipelines.TestPipelineConfig" name="test_create_empty" time="0.002" /><testcase classname="tests.test_pipelines.TestPipelineConfig" name="test_nodes_by_type" time="0.002" /><testcase classname="tests.test_pipelines.TestPipelineConfig" name="test_edges_from_to" time="0.002" /><testcase classname="tests.test_pipelines.TestPipelineConfig" name="test_node_by_id" time="0.002" /><testcase classname="tests.test_pipelines.TestPipelineConfig" name="test_serialise_roundtrip" time="0.003" /><testcase classname="tests.test_pipelines.TestNodeConfig" name="test_agent_defaults" time="0.001" /><testcase classname="tests.test_pipelines.TestNodeConfig" name="test_enum_values" time="0.001" /><testcase classname="tests.test_pipelines.TestCodegen" name="test_generates_valid_python" time="0.002" /><testcase classname="tests.test_pipelines.TestCodegen" name="test_includes_tools" time="0.002" /><testcase classname="tests.test_pipelines.TestCodegen" name="test_includes_guardrails" time="0.002" /><testcase classname="tests.test_pipelines.TestCodegen" name="test_includes_router" time="0.002" /><testcase classname="tests.test_pipelines.TestPipelineRunner" name="test_build_simple_agent" time="0.006" /><testcase classname="tests.test_pipelines.TestPipelineRunner" name="test_build_agent_with_tools" time="0.007" /><testcase classname="tests.test_pipelines.TestPipelineRunner" name="test_build_agent_with_unbounded_memory" time="0.005" /><testcase classname="tests.test_pipelines.TestPipelineRunner" name="test_build_missing_agent_raises" time="0.004" /><testcase classname="tests.test_pipelines.TestPipelineRunner" name="test_tool_not_in_registry_skipped" time="0.005" /><testcase classname="tests.test_pipelines.TestPipelineRunner" name="test_build_router" time="0.006" /><testcase classname="tests.test_pipelines.TestPipelineRunner" name="test_build_routing_schema" time="0.002" /><testcase classname="tests.test_pipelines.TestPipelineRunner" name="test_build_routing_schema_fallback" time="0.002" /><testcase classname="tests.test_services_health.TestServiceHealth" name="test_health_endpoint[Gateway BFF]" time="0.006" /><testcase classname="tests.test_services_health.TestServiceHealth" name="test_health_endpoint[Conversation]" time="0.116" /><testcase classname="tests.test_services_health.TestServiceHealth" name="test_health_endpoint[Live Stream]" time="0.019" /><testcase classname="tests.test_services_health.TestServiceHealth" name="test_health_endpoint[Admin]" time="0.053" /><testcase classname="tests.test_services_health.TestServiceHealth" name="test_ready_endpoint[Gateway BFF]" time="0.006" /><testcase classname="tests.test_services_health.TestServiceHealth" name="test_ready_endpoint[Conversation]" time="0.006" /><testcase classname="tests.test_services_health.TestServiceHealth" name="test_ready_endpoint[Live Stream]" time="0.007" /><testcase classname="tests.test_services_health.TestServiceHealth" name="test_ready_endpoint[Admin]" time="0.006" /><testcase classname="tests.test_storage" name="test_file_ref_immutable" time="0.002" /><testcase classname="tests.test_storage" name="test_file_ref_default_metadata" time="0.002" /><testcase classname="tests.test_storage.TestTenantContext" name="test_full_prefix" time="0.001" /><testcase classname="tests.test_storage.TestTenantContext" name="test_no_org_prefix" time="0.002" /><testcase classname="tests.test_storage.TestTenantContext" name="test_thread_only_prefix" time="0.002" /><testcase classname="tests.test_storage.TestTenantContext" name="test_global_prefix" time="0.001" /><testcase classname="tests.test_storage.TestTenantContext" name="test_key_with_unique" time="0.001" /><testcase classname="tests.test_storage.TestTenantContext" name="test_key_without_unique" time="0.001" /><testcase classname="tests.test_storage.TestTenantContext" name="test_scope_prefix" time="0.001" /><testcase classname="tests.test_storage.TestTenantContext" name="test_sanitise_filename_spaces" time="0.001" /><testcase classname="tests.test_storage.TestTenantContext" name="test_sanitise_path_traversal" time="0.001" /><testcase classname="tests.test_storage.TestTenantContext" name="test_sanitise_empty_becomes_unnamed" time="0.001" /><testcase classname="tests.test_storage.TestTenantContext" name="test_immutable" time="0.001" /><testcase classname="tests.test_storage.TestLocalFileStore" name="test_put_and_get" time="0.017" /><testcase classname="tests.test_storage.TestLocalFileStore" name="test_get_stream" time="0.038" /><testcase classname="tests.test_storage.TestLocalFileStore" name="test_get_nonexistent_raises" time="0.010" /><testcase classname="tests.test_storage.TestLocalFileStore" name="test_exists" time="0.016" /><testcase classname="tests.test_storage.TestLocalFileStore" name="test_head" time="0.018" /><testcase classname="tests.test_storage.TestLocalFileStore" name="test_delete" time="0.016" /><testcase classname="tests.test_storage.TestLocalFileStore" name="test_delete_nonexistent_noop" time="0.010" /><testcase classname="tests.test_storage.TestLocalFileStore" name="test_delete_prefix" time="0.035" /><testcase classname="tests.test_storage.TestLocalFileStore" name="test_list_keys" time="0.026" /><testcase classname="tests.test_storage.TestLocalFileStore" name="test_list_keys_pagination" time="0.025" /><testcase classname="tests.test_storage.TestLocalFileStore" name="test_copy" time="0.027" /><testcase classname="tests.test_storage.TestLocalFileStore" name="test_path_traversal_blocked" time="0.010" /><testcase classname="tests.test_storage.TestLocalFileStore" name="test_get_url" time="0.013" /><testcase classname="tests.test_storage.TestLocalFileStore" name="test_put_async_iterator" time="0.018" /><testcase classname="tests.test_storage.TestLocalFileStore" name="test_put_with_metadata" time="0.013" /><testcase classname="tests.test_storage.TestEncryptedFileStore" name="test_roundtrip" time="0.071" /><testcase classname="tests.test_storage.TestEncryptedFileStore" name="test_encrypted_at_rest" time="0.029" /><testcase classname="tests.test_storage.TestEncryptedFileStore" name="test_head_returns_ref" time="0.030" /><testcase classname="tests.test_storage.TestEncryptedFileStore" name="test_get_stream" time="0.030" /><testcase classname="tests.test_storage.TestEncryptedFileStore" name="test_copy_re_encrypts" time="0.050" /><testcase classname="tests.test_storage.TestEncryptedFileStore" name="test_get_url_raises" time="0.013" /><testcase classname="tests.test_storage.TestEncryptedFileStore" name="test_delete" time="0.017" /><testcase classname="tests.test_storage.TestEncryptedFileStore" name="test_list_keys" time="0.017" /><testcase classname="tests.test_storage.TestEncryptedFileStore" name="test_delete_prefix" time="0.025" /><testcase classname="tests.test_storage.TestFactory" name="test_create_local_store" time="0.009" /><testcase classname="tests.test_storage.TestFactory" name="test_create_encrypted_local_store" time="0.016" /><testcase classname="tests.test_storage.TestFactory" name="test_unknown_backend_raises" time="0.002" /><testcase classname="tests.test_storage.TestFactory" name="test_envelope_without_kek_raises" time="0.006" /><testcase classname="tests.test_structured.TestStructuredOutputResult" name="test_ok_when_parsed" time="0.002" /><testcase classname="tests.test_structured.TestStructuredOutputResult" name="test_refused_when_refusal_present" time="0.001" /><testcase classname="tests.test_structured.TestStructuredOutputResult" name="test_unwrap_returns_parsed" time="0.001" /><testcase classname="tests.test_structured.TestStructuredOutputResult" name="test_unwrap_raises_on_none" time="0.001" /><testcase classname="tests.test_structured.TestSchemas" name="test_content_safety_judge_fields" time="0.001" /><testcase classname="tests.test_structured.TestSchemas" name="test_relevance_judge_score_bounds" time="0.001" /><testcase classname="tests.test_structured.TestSchemas" name="test_classification_result" time="0.001" /><testcase classname="tests.test_structured.TestSchemas" name="test_extraction_result_generic" time="0.003" /><testcase classname="tests.test_structured.TestParseUtility" name="test_parse_calls_generate" time="0.005" /><testcase classname="tests.test_structured.TestParseUtility" name="test_parse_prepends_system_message" time="0.024" /><testcase classname="tests.test_structured.TestParseUtility" name="test_parse_returns_refusal_result" time="0.006" /><testcase classname="tests.test_structured.TestLLMJudge" name="test_pass_when_safe" time="0.005" /><testcase classname="tests.test_structured.TestLLMJudge" name="test_fail_when_unsafe" time="0.005" /><testcase classname="tests.test_structured.TestLLMJudge" name="test_tripwire_when_configured" time="0.004" /><testcase classname="tests.test_structured.TestLLMJudge" name="test_refusal_causes_fail" time="0.006" /><testcase classname="tests.test_structured.TestLLMJudge" name="test_empty_text_passes_through" time="0.004" /><testcase classname="tests.test_structured.TestLLMJudge" name="test_api_error_surfaces_as_failed_result" time="0.009" /><testcase classname="tests.test_structured.TestLLMJudge" name="test_input_guardrail_reads_input_text" time="0.005" /><testcase classname="tests.test_structured.TestStructuredRouter" name="test_dispatches_to_matching_callable" time="0.005" /><testcase classname="tests.test_structured.TestStructuredRouter" name="test_raises_on_unknown_route_without_fallback" time="0.007" /><testcase classname="tests.test_structured.TestStructuredRouter" name="test_fallback_used_when_no_match" time="0.005" /><testcase classname="tests.test_structured.TestStructuredRouter" name="test_refusal_raises_structured_output_error" time="0.004" /><testcase classname="tests.test_structured.TestStructuredRouter" name="test_returns_decision_and_result_tuple" time="0.006" /><testcase classname="tests.test_tools.TestBaseTool" name="test_tool_name" time="0.001" /><testcase classname="tests.test_tools.TestBaseTool" name="test_tool_description" time="0.001" /><testcase classname="tests.test_tools.TestBaseTool" name="test_tool_schema" time="0.001" /><testcase classname="tests.test_tools.TestBaseTool" name="test_tool_openai_schema" time="0.001" /><testcase classname="tests.test_tools.TestBaseTool" name="test_tool_execute" time="0.004" /><testcase classname="tests.test_tools.TestToolResult" name="test_tool_result_creation" time="0.001" /><testcase classname="tests.test_tools.TestToolResult" name="test_tool_result_with_metadata" time="0.004" /></testsuite></testsuites>